PHPUnit 11.5.46 by Sebastian Bergmann and contributors.

Runtime:       PHP 8.5.1
Configuration: C:\Users\esana\Desktop\2DAW\DWES\laravel\api-rest-laravel_12-recetas\phpunit.xml

EEEEEE                                                              6 / 6 (100%)

Time: 00:00.575, Memory: 38.00 MB

There were 6 errors:

1) Tests\Feature\ExtensionTest::a_user_can_add_ingredients_to_their_recipe
Illuminate\Database\QueryException: Database file at path [testing] does not exist. Ensure this is an absolute path to the database. (Connection: sqlite, Database: testing, SQL: select exists (select 1 from "main".sqlite_master where name = 'migrations' and type = 'table') as "exists")

C:\Users\esana\Desktop\2DAW\DWES\laravel\api-rest-laravel_12-recetas\vendor\laravel\framework\src\Illuminate\Database\Connection.php:838
C:\Users\esana\Desktop\2DAW\DWES\laravel\api-rest-laravel_12-recetas\vendor\laravel\framework\src\Illuminate\Database\Connection.php:794
C:\Users\esana\Desktop\2DAW\DWES\laravel\api-rest-laravel_12-recetas\vendor\laravel\framework\src\Illuminate\Database\Connection.php:411
C:\Users\esana\Desktop\2DAW\DWES\laravel\api-rest-laravel_12-recetas\vendor\laravel\framework\src\Illuminate\Database\Connection.php:357
C:\Users\esana\Desktop\2DAW\DWES\laravel\api-rest-laravel_12-recetas\vendor\laravel\framework\src\Illuminate\Database\Connection.php:374
C:\Users\esana\Desktop\2DAW\DWES\laravel\api-rest-laravel_12-recetas\vendor\laravel\framework\src\Illuminate\Database\Schema\Builder.php:176
C:\Users\esana\Desktop\2DAW\DWES\laravel\api-rest-laravel_12-recetas\vendor\laravel\framework\src\Illuminate\Database\Migrations\DatabaseMigrationRepository.php:185
C:\Users\esana\Desktop\2DAW\DWES\laravel\api-rest-laravel_12-recetas\vendor\laravel\framework\src\Illuminate\Database\Migrations\Migrator.php:756
C:\Users\esana\Desktop\2DAW\DWES\laravel\api-rest-laravel_12-recetas\vendor\laravel\framework\src\Illuminate\Database\Console\Migrations\FreshCommand.php:67
C:\Users\esana\Desktop\2DAW\DWES\laravel\api-rest-laravel_12-recetas\vendor\laravel\framework\src\Illuminate\Database\Migrations\Migrator.php:669
C:\Users\esana\Desktop\2DAW\DWES\laravel\api-rest-laravel_12-recetas\vendor\laravel\framework\src\Illuminate\Database\Console\Migrations\FreshCommand.php:66
C:\Users\esana\Desktop\2DAW\DWES\laravel\api-rest-laravel_12-recetas\vendor\laravel\framework\src\Illuminate\Container\BoundMethod.php:36
C:\Users\esana\Desktop\2DAW\DWES\laravel\api-rest-laravel_12-recetas\vendor\laravel\framework\src\Illuminate\Container\Util.php:43
C:\Users\esana\Desktop\2DAW\DWES\laravel\api-rest-laravel_12-recetas\vendor\laravel\framework\src\Illuminate\Container\BoundMethod.php:96
C:\Users\esana\Desktop\2DAW\DWES\laravel\api-rest-laravel_12-recetas\vendor\laravel\framework\src\Illuminate\Container\BoundMethod.php:35
C:\Users\esana\Desktop\2DAW\DWES\laravel\api-rest-laravel_12-recetas\vendor\laravel\framework\src\Illuminate\Container\Container.php:799
C:\Users\esana\Desktop\2DAW\DWES\laravel\api-rest-laravel_12-recetas\vendor\laravel\framework\src\Illuminate\Console\Command.php:211
C:\Users\esana\Desktop\2DAW\DWES\laravel\api-rest-laravel_12-recetas\vendor\symfony\console\Command\Command.php:341
C:\Users\esana\Desktop\2DAW\DWES\laravel\api-rest-laravel_12-recetas\vendor\laravel\framework\src\Illuminate\Console\Command.php:180
C:\Users\esana\Desktop\2DAW\DWES\laravel\api-rest-laravel_12-recetas\vendor\symfony\console\Application.php:1079
C:\Users\esana\Desktop\2DAW\DWES\laravel\api-rest-laravel_12-recetas\vendor\symfony\console\Application.php:356
C:\Users\esana\Desktop\2DAW\DWES\laravel\api-rest-laravel_12-recetas\vendor\symfony\console\Application.php:195
C:\Users\esana\Desktop\2DAW\DWES\laravel\api-rest-laravel_12-recetas\vendor\laravel\framework\src\Illuminate\Console\Application.php:165
C:\Users\esana\Desktop\2DAW\DWES\laravel\api-rest-laravel_12-recetas\vendor\laravel\framework\src\Illuminate\Foundation\Console\Kernel.php:447
C:\Users\esana\Desktop\2DAW\DWES\laravel\api-rest-laravel_12-recetas\vendor\laravel\framework\src\Illuminate\Testing\PendingCommand.php:451
C:\Users\esana\Desktop\2DAW\DWES\laravel\api-rest-laravel_12-recetas\vendor\laravel\framework\src\Illuminate\Testing\PendingCommand.php:675
C:\Users\esana\Desktop\2DAW\DWES\laravel\api-rest-laravel_12-recetas\vendor\laravel\framework\src\Illuminate\Foundation\Testing\Concerns\InteractsWithConsole.php:87
C:\Users\esana\Desktop\2DAW\DWES\laravel\api-rest-laravel_12-recetas\vendor\laravel\framework\src\Illuminate\Foundation\Testing\RefreshDatabase.php:119
C:\Users\esana\Desktop\2DAW\DWES\laravel\api-rest-laravel_12-recetas\vendor\laravel\framework\src\Illuminate\Foundation\Testing\RefreshDatabase.php:84
C:\Users\esana\Desktop\2DAW\DWES\laravel\api-rest-laravel_12-recetas\vendor\laravel\framework\src\Illuminate\Foundation\Testing\RefreshDatabase.php:25
C:\Users\esana\Desktop\2DAW\DWES\laravel\api-rest-laravel_12-recetas\vendor\laravel\framework\src\Illuminate\Foundation\Testing\Concerns\InteractsWithTestCaseLifecycle.php:213
C:\Users\esana\Desktop\2DAW\DWES\laravel\api-rest-laravel_12-recetas\vendor\laravel\framework\src\Illuminate\Foundation\Testing\Concerns\InteractsWithTestCaseLifecycle.php:99
C:\Users\esana\Desktop\2DAW\DWES\laravel\api-rest-laravel_12-recetas\vendor\laravel\framework\src\Illuminate\Foundation\Testing\TestCase.php:63

Caused by
Illuminate\Database\SQLiteDatabaseDoesNotExistException: Database file at path [testing] does not exist. Ensure this is an absolute path to the database.

C:\Users\esana\Desktop\2DAW\DWES\laravel\api-rest-laravel_12-recetas\vendor\laravel\framework\src\Illuminate\Database\Connectors\SQLiteConnector.php:60
C:\Users\esana\Desktop\2DAW\DWES\laravel\api-rest-laravel_12-recetas\vendor\laravel\framework\src\Illuminate\Database\Connectors\SQLiteConnector.php:19
C:\Users\esana\Desktop\2DAW\DWES\laravel\api-rest-laravel_12-recetas\vendor\laravel\framework\src\Illuminate\Database\Connectors\ConnectionFactory.php:225
C:\Users\esana\Desktop\2DAW\DWES\laravel\api-rest-laravel_12-recetas\vendor\laravel\framework\src\Illuminate\Database\Connection.php:1257
C:\Users\esana\Desktop\2DAW\DWES\laravel\api-rest-laravel_12-recetas\vendor\laravel\framework\src\Illuminate\Database\Connection.php:1295
C:\Users\esana\Desktop\2DAW\DWES\laravel\api-rest-laravel_12-recetas\vendor\laravel\framework\src\Illuminate\Database\Connection.php:525
C:\Users\esana\Desktop\2DAW\DWES\laravel\api-rest-laravel_12-recetas\vendor\laravel\framework\src\Illuminate\Database\Connection.php:420
C:\Users\esana\Desktop\2DAW\DWES\laravel\api-rest-laravel_12-recetas\vendor\laravel\framework\src\Illuminate\Database\Connection.php:827
C:\Users\esana\Desktop\2DAW\DWES\laravel\api-rest-laravel_12-recetas\vendor\laravel\framework\src\Illuminate\Database\Connection.php:794
C:\Users\esana\Desktop\2DAW\DWES\laravel\api-rest-laravel_12-recetas\vendor\laravel\framework\src\Illuminate\Database\Connection.php:411
C:\Users\esana\Desktop\2DAW\DWES\laravel\api-rest-laravel_12-recetas\vendor\laravel\framework\src\Illuminate\Database\Connection.php:357
C:\Users\esana\Desktop\2DAW\DWES\laravel\api-rest-laravel_12-recetas\vendor\laravel\framework\src\Illuminate\Database\Connection.php:374
C:\Users\esana\Desktop\2DAW\DWES\laravel\api-rest-laravel_12-recetas\vendor\laravel\framework\src\Illuminate\Database\Schema\Builder.php:176
C:\Users\esana\Desktop\2DAW\DWES\laravel\api-rest-laravel_12-recetas\vendor\laravel\framework\src\Illuminate\Database\Migrations\DatabaseMigrationRepository.php:185
C:\Users\esana\Desktop\2DAW\DWES\laravel\api-rest-laravel_12-recetas\vendor\laravel\framework\src\Illuminate\Database\Migrations\Migrator.php:756
C:\Users\esana\Desktop\2DAW\DWES\laravel\api-rest-laravel_12-recetas\vendor\laravel\framework\src\Illuminate\Database\Console\Migrations\FreshCommand.php:67
C:\Users\esana\Desktop\2DAW\DWES\laravel\api-rest-laravel_12-recetas\vendor\laravel\framework\src\Illuminate\Database\Migrations\Migrator.php:669
C:\Users\esana\Desktop\2DAW\DWES\laravel\api-rest-laravel_12-recetas\vendor\laravel\framework\src\Illuminate\Database\Console\Migrations\FreshCommand.php:66
C:\Users\esana\Desktop\2DAW\DWES\laravel\api-rest-laravel_12-recetas\vendor\laravel\framework\src\Illuminate\Container\BoundMethod.php:36
C:\Users\esana\Desktop\2DAW\DWES\laravel\api-rest-laravel_12-recetas\vendor\laravel\framework\src\Illuminate\Container\Util.php:43
C:\Users\esana\Desktop\2DAW\DWES\laravel\api-rest-laravel_12-recetas\vendor\laravel\framework\src\Illuminate\Container\BoundMethod.php:96
C:\Users\esana\Desktop\2DAW\DWES\laravel\api-rest-laravel_12-recetas\vendor\laravel\framework\src\Illuminate\Container\BoundMethod.php:35
C:\Users\esana\Desktop\2DAW\DWES\laravel\api-rest-laravel_12-recetas\vendor\laravel\framework\src\Illuminate\Container\Container.php:799
C:\Users\esana\Desktop\2DAW\DWES\laravel\api-rest-laravel_12-recetas\vendor\laravel\framework\src\Illuminate\Console\Command.php:211
C:\Users\esana\Desktop\2DAW\DWES\laravel\api-rest-laravel_12-recetas\vendor\symfony\console\Command\Command.php:341
C:\Users\esana\Desktop\2DAW\DWES\laravel\api-rest-laravel_12-recetas\vendor\laravel\framework\src\Illuminate\Console\Command.php:180
C:\Users\esana\Desktop\2DAW\DWES\laravel\api-rest-laravel_12-recetas\vendor\symfony\console\Application.php:1079
C:\Users\esana\Desktop\2DAW\DWES\laravel\api-rest-laravel_12-recetas\vendor\symfony\console\Application.php:356
C:\Users\esana\Desktop\2DAW\DWES\laravel\api-rest-laravel_12-recetas\vendor\symfony\console\Application.php:195
C:\Users\esana\Desktop\2DAW\DWES\laravel\api-rest-laravel_12-recetas\vendor\laravel\framework\src\Illuminate\Console\Application.php:165
C:\Users\esana\Desktop\2DAW\DWES\laravel\api-rest-laravel_12-recetas\vendor\laravel\framework\src\Illuminate\Foundation\Console\Kernel.php:447
C:\Users\esana\Desktop\2DAW\DWES\laravel\api-rest-laravel_12-recetas\vendor\laravel\framework\src\Illuminate\Testing\PendingCommand.php:451
C:\Users\esana\Desktop\2DAW\DWES\laravel\api-rest-laravel_12-recetas\vendor\laravel\framework\src\Illuminate\Testing\PendingCommand.php:675
C:\Users\esana\Desktop\2DAW\DWES\laravel\api-rest-laravel_12-recetas\vendor\laravel\framework\src\Illuminate\Foundation\Testing\Concerns\InteractsWithConsole.php:87
C:\Users\esana\Desktop\2DAW\DWES\laravel\api-rest-laravel_12-recetas\vendor\laravel\framework\src\Illuminate\Foundation\Testing\RefreshDatabase.php:119
C:\Users\esana\Desktop\2DAW\DWES\laravel\api-rest-laravel_12-recetas\vendor\laravel\framework\src\Illuminate\Foundation\Testing\RefreshDatabase.php:84
C:\Users\esana\Desktop\2DAW\DWES\laravel\api-rest-laravel_12-recetas\vendor\laravel\framework\src\Illuminate\Foundation\Testing\RefreshDatabase.php:25
C:\Users\esana\Desktop\2DAW\DWES\laravel\api-rest-laravel_12-recetas\vendor\laravel\framework\src\Illuminate\Foundation\Testing\Concerns\InteractsWithTestCaseLifecycle.php:213
C:\Users\esana\Desktop\2DAW\DWES\laravel\api-rest-laravel_12-recetas\vendor\laravel\framework\src\Illuminate\Foundation\Testing\Concerns\InteractsWithTestCaseLifecycle.php:99
C:\Users\esana\Desktop\2DAW\DWES\laravel\api-rest-laravel_12-recetas\vendor\laravel\framework\src\Illuminate\Foundation\Testing\TestCase.php:63

2) Tests\Feature\ExtensionTest::a_user_cannot_add_ingredients_to_others_recipe
Illuminate\Database\QueryException: Database file at path [testing] does not exist. Ensure this is an absolute path to the database. (Connection: sqlite, Database: testing, SQL: select exists (select 1 from "main".sqlite_master where name = 'migrations' and type = 'table') as "exists")

C:\Users\esana\Desktop\2DAW\DWES\laravel\api-rest-laravel_12-recetas\vendor\laravel\framework\src\Illuminate\Database\Connection.php:838
C:\Users\esana\Desktop\2DAW\DWES\laravel\api-rest-laravel_12-recetas\vendor\laravel\framework\src\Illuminate\Database\Connection.php:794
C:\Users\esana\Desktop\2DAW\DWES\laravel\api-rest-laravel_12-recetas\vendor\laravel\framework\src\Illuminate\Database\Connection.php:411
C:\Users\esana\Desktop\2DAW\DWES\laravel\api-rest-laravel_12-recetas\vendor\laravel\framework\src\Illuminate\Database\Connection.php:357
C:\Users\esana\Desktop\2DAW\DWES\laravel\api-rest-laravel_12-recetas\vendor\laravel\framework\src\Illuminate\Database\Connection.php:374
C:\Users\esana\Desktop\2DAW\DWES\laravel\api-rest-laravel_12-recetas\vendor\laravel\framework\src\Illuminate\Database\Schema\Builder.php:176
C:\Users\esana\Desktop\2DAW\DWES\laravel\api-rest-laravel_12-recetas\vendor\laravel\framework\src\Illuminate\Database\Migrations\DatabaseMigrationRepository.php:185
C:\Users\esana\Desktop\2DAW\DWES\laravel\api-rest-laravel_12-recetas\vendor\laravel\framework\src\Illuminate\Database\Migrations\Migrator.php:756
C:\Users\esana\Desktop\2DAW\DWES\laravel\api-rest-laravel_12-recetas\vendor\laravel\framework\src\Illuminate\Database\Console\Migrations\FreshCommand.php:67
C:\Users\esana\Desktop\2DAW\DWES\laravel\api-rest-laravel_12-recetas\vendor\laravel\framework\src\Illuminate\Database\Migrations\Migrator.php:669
C:\Users\esana\Desktop\2DAW\DWES\laravel\api-rest-laravel_12-recetas\vendor\laravel\framework\src\Illuminate\Database\Console\Migrations\FreshCommand.php:66
C:\Users\esana\Desktop\2DAW\DWES\laravel\api-rest-laravel_12-recetas\vendor\laravel\framework\src\Illuminate\Container\BoundMethod.php:36
C:\Users\esana\Desktop\2DAW\DWES\laravel\api-rest-laravel_12-recetas\vendor\laravel\framework\src\Illuminate\Container\Util.php:43
C:\Users\esana\Desktop\2DAW\DWES\laravel\api-rest-laravel_12-recetas\vendor\laravel\framework\src\Illuminate\Container\BoundMethod.php:96
C:\Users\esana\Desktop\2DAW\DWES\laravel\api-rest-laravel_12-recetas\vendor\laravel\framework\src\Illuminate\Container\BoundMethod.php:35
C:\Users\esana\Desktop\2DAW\DWES\laravel\api-rest-laravel_12-recetas\vendor\laravel\framework\src\Illuminate\Container\Container.php:799
C:\Users\esana\Desktop\2DAW\DWES\laravel\api-rest-laravel_12-recetas\vendor\laravel\framework\src\Illuminate\Console\Command.php:211
C:\Users\esana\Desktop\2DAW\DWES\laravel\api-rest-laravel_12-recetas\vendor\symfony\console\Command\Command.php:341
C:\Users\esana\Desktop\2DAW\DWES\laravel\api-rest-laravel_12-recetas\vendor\laravel\framework\src\Illuminate\Console\Command.php:180
C:\Users\esana\Desktop\2DAW\DWES\laravel\api-rest-laravel_12-recetas\vendor\symfony\console\Application.php:1079
C:\Users\esana\Desktop\2DAW\DWES\laravel\api-rest-laravel_12-recetas\vendor\symfony\console\Application.php:356
C:\Users\esana\Desktop\2DAW\DWES\laravel\api-rest-laravel_12-recetas\vendor\symfony\console\Application.php:195
C:\Users\esana\Desktop\2DAW\DWES\laravel\api-rest-laravel_12-recetas\vendor\laravel\framework\src\Illuminate\Console\Application.php:165
C:\Users\esana\Desktop\2DAW\DWES\laravel\api-rest-laravel_12-recetas\vendor\laravel\framework\src\Illuminate\Foundation\Console\Kernel.php:447
C:\Users\esana\Desktop\2DAW\DWES\laravel\api-rest-laravel_12-recetas\vendor\laravel\framework\src\Illuminate\Testing\PendingCommand.php:451
C:\Users\esana\Desktop\2DAW\DWES\laravel\api-rest-laravel_12-recetas\vendor\laravel\framework\src\Illuminate\Testing\PendingCommand.php:675
C:\Users\esana\Desktop\2DAW\DWES\laravel\api-rest-laravel_12-recetas\vendor\laravel\framework\src\Illuminate\Foundation\Testing\Concerns\InteractsWithConsole.php:87
C:\Users\esana\Desktop\2DAW\DWES\laravel\api-rest-laravel_12-recetas\vendor\laravel\framework\src\Illuminate\Foundation\Testing\RefreshDatabase.php:119
C:\Users\esana\Desktop\2DAW\DWES\laravel\api-rest-laravel_12-recetas\vendor\laravel\framework\src\Illuminate\Foundation\Testing\RefreshDatabase.php:84
C:\Users\esana\Desktop\2DAW\DWES\laravel\api-rest-laravel_12-recetas\vendor\laravel\framework\src\Illuminate\Foundation\Testing\RefreshDatabase.php:25
C:\Users\esana\Desktop\2DAW\DWES\laravel\api-rest-laravel_12-recetas\vendor\laravel\framework\src\Illuminate\Foundation\Testing\Concerns\InteractsWithTestCaseLifecycle.php:213
C:\Users\esana\Desktop\2DAW\DWES\laravel\api-rest-laravel_12-recetas\vendor\laravel\framework\src\Illuminate\Foundation\Testing\Concerns\InteractsWithTestCaseLifecycle.php:99
C:\Users\esana\Desktop\2DAW\DWES\laravel\api-rest-laravel_12-recetas\vendor\laravel\framework\src\Illuminate\Foundation\Testing\TestCase.php:63

Caused by
Illuminate\Database\SQLiteDatabaseDoesNotExistException: Database file at path [testing] does not exist. Ensure this is an absolute path to the database.

C:\Users\esana\Desktop\2DAW\DWES\laravel\api-rest-laravel_12-recetas\vendor\laravel\framework\src\Illuminate\Database\Connectors\SQLiteConnector.php:60
C:\Users\esana\Desktop\2DAW\DWES\laravel\api-rest-laravel_12-recetas\vendor\laravel\framework\src\Illuminate\Database\Connectors\SQLiteConnector.php:19
C:\Users\esana\Desktop\2DAW\DWES\laravel\api-rest-laravel_12-recetas\vendor\laravel\framework\src\Illuminate\Database\Connectors\ConnectionFactory.php:225
C:\Users\esana\Desktop\2DAW\DWES\laravel\api-rest-laravel_12-recetas\vendor\laravel\framework\src\Illuminate\Database\Connection.php:1257
C:\Users\esana\Desktop\2DAW\DWES\laravel\api-rest-laravel_12-recetas\vendor\laravel\framework\src\Illuminate\Database\Connection.php:1295
C:\Users\esana\Desktop\2DAW\DWES\laravel\api-rest-laravel_12-recetas\vendor\laravel\framework\src\Illuminate\Database\Connection.php:525
C:\Users\esana\Desktop\2DAW\DWES\laravel\api-rest-laravel_12-recetas\vendor\laravel\framework\src\Illuminate\Database\Connection.php:420
C:\Users\esana\Desktop\2DAW\DWES\laravel\api-rest-laravel_12-recetas\vendor\laravel\framework\src\Illuminate\Database\Connection.php:827
C:\Users\esana\Desktop\2DAW\DWES\laravel\api-rest-laravel_12-recetas\vendor\laravel\framework\src\Illuminate\Database\Connection.php:794
C:\Users\esana\Desktop\2DAW\DWES\laravel\api-rest-laravel_12-recetas\vendor\laravel\framework\src\Illuminate\Database\Connection.php:411
C:\Users\esana\Desktop\2DAW\DWES\laravel\api-rest-laravel_12-recetas\vendor\laravel\framework\src\Illuminate\Database\Connection.php:357
C:\Users\esana\Desktop\2DAW\DWES\laravel\api-rest-laravel_12-recetas\vendor\laravel\framework\src\Illuminate\Database\Connection.php:374
C:\Users\esana\Desktop\2DAW\DWES\laravel\api-rest-laravel_12-recetas\vendor\laravel\framework\src\Illuminate\Database\Schema\Builder.php:176
C:\Users\esana\Desktop\2DAW\DWES\laravel\api-rest-laravel_12-recetas\vendor\laravel\framework\src\Illuminate\Database\Migrations\DatabaseMigrationRepository.php:185
C:\Users\esana\Desktop\2DAW\DWES\laravel\api-rest-laravel_12-recetas\vendor\laravel\framework\src\Illuminate\Database\Migrations\Migrator.php:756
C:\Users\esana\Desktop\2DAW\DWES\laravel\api-rest-laravel_12-recetas\vendor\laravel\framework\src\Illuminate\Database\Console\Migrations\FreshCommand.php:67
C:\Users\esana\Desktop\2DAW\DWES\laravel\api-rest-laravel_12-recetas\vendor\laravel\framework\src\Illuminate\Database\Migrations\Migrator.php:669
C:\Users\esana\Desktop\2DAW\DWES\laravel\api-rest-laravel_12-recetas\vendor\laravel\framework\src\Illuminate\Database\Console\Migrations\FreshCommand.php:66
C:\Users\esana\Desktop\2DAW\DWES\laravel\api-rest-laravel_12-recetas\vendor\laravel\framework\src\Illuminate\Container\BoundMethod.php:36
C:\Users\esana\Desktop\2DAW\DWES\laravel\api-rest-laravel_12-recetas\vendor\laravel\framework\src\Illuminate\Container\Util.php:43
C:\Users\esana\Desktop\2DAW\DWES\laravel\api-rest-laravel_12-recetas\vendor\laravel\framework\src\Illuminate\Container\BoundMethod.php:96
C:\Users\esana\Desktop\2DAW\DWES\laravel\api-rest-laravel_12-recetas\vendor\laravel\framework\src\Illuminate\Container\BoundMethod.php:35
C:\Users\esana\Desktop\2DAW\DWES\laravel\api-rest-laravel_12-recetas\vendor\laravel\framework\src\Illuminate\Container\Container.php:799
C:\Users\esana\Desktop\2DAW\DWES\laravel\api-rest-laravel_12-recetas\vendor\laravel\framework\src\Illuminate\Console\Command.php:211
C:\Users\esana\Desktop\2DAW\DWES\laravel\api-rest-laravel_12-recetas\vendor\symfony\console\Command\Command.php:341
C:\Users\esana\Desktop\2DAW\DWES\laravel\api-rest-laravel_12-recetas\vendor\laravel\framework\src\Illuminate\Console\Command.php:180
C:\Users\esana\Desktop\2DAW\DWES\laravel\api-rest-laravel_12-recetas\vendor\symfony\console\Application.php:1079
C:\Users\esana\Desktop\2DAW\DWES\laravel\api-rest-laravel_12-recetas\vendor\symfony\console\Application.php:356
C:\Users\esana\Desktop\2DAW\DWES\laravel\api-rest-laravel_12-recetas\vendor\symfony\console\Application.php:195
C:\Users\esana\Desktop\2DAW\DWES\laravel\api-rest-laravel_12-recetas\vendor\laravel\framework\src\Illuminate\Console\Application.php:165
C:\Users\esana\Desktop\2DAW\DWES\laravel\api-rest-laravel_12-recetas\vendor\laravel\framework\src\Illuminate\Foundation\Console\Kernel.php:447
C:\Users\esana\Desktop\2DAW\DWES\laravel\api-rest-laravel_12-recetas\vendor\laravel\framework\src\Illuminate\Testing\PendingCommand.php:451
C:\Users\esana\Desktop\2DAW\DWES\laravel\api-rest-laravel_12-recetas\vendor\laravel\framework\src\Illuminate\Testing\PendingCommand.php:675
C:\Users\esana\Desktop\2DAW\DWES\laravel\api-rest-laravel_12-recetas\vendor\laravel\framework\src\Illuminate\Foundation\Testing\Concerns\InteractsWithConsole.php:87
C:\Users\esana\Desktop\2DAW\DWES\laravel\api-rest-laravel_12-recetas\vendor\laravel\framework\src\Illuminate\Foundation\Testing\RefreshDatabase.php:119
C:\Users\esana\Desktop\2DAW\DWES\laravel\api-rest-laravel_12-recetas\vendor\laravel\framework\src\Illuminate\Foundation\Testing\RefreshDatabase.php:84
C:\Users\esana\Desktop\2DAW\DWES\laravel\api-rest-laravel_12-recetas\vendor\laravel\framework\src\Illuminate\Foundation\Testing\RefreshDatabase.php:25
C:\Users\esana\Desktop\2DAW\DWES\laravel\api-rest-laravel_12-recetas\vendor\laravel\framework\src\Illuminate\Foundation\Testing\Concerns\InteractsWithTestCaseLifecycle.php:213
C:\Users\esana\Desktop\2DAW\DWES\laravel\api-rest-laravel_12-recetas\vendor\laravel\framework\src\Illuminate\Foundation\Testing\Concerns\InteractsWithTestCaseLifecycle.php:99
C:\Users\esana\Desktop\2DAW\DWES\laravel\api-rest-laravel_12-recetas\vendor\laravel\framework\src\Illuminate\Foundation\Testing\TestCase.php:63

3) Tests\Feature\ExtensionTest::a_user_can_like_and_unlike_a_recipe
Illuminate\Database\QueryException: Database file at path [testing] does not exist. Ensure this is an absolute path to the database. (Connection: sqlite, Database: testing, SQL: select exists (select 1 from "main".sqlite_master where name = 'migrations' and type = 'table') as "exists")

C:\Users\esana\Desktop\2DAW\DWES\laravel\api-rest-laravel_12-recetas\vendor\laravel\framework\src\Illuminate\Database\Connection.php:838
C:\Users\esana\Desktop\2DAW\DWES\laravel\api-rest-laravel_12-recetas\vendor\laravel\framework\src\Illuminate\Database\Connection.php:794
C:\Users\esana\Desktop\2DAW\DWES\laravel\api-rest-laravel_12-recetas\vendor\laravel\framework\src\Illuminate\Database\Connection.php:411
C:\Users\esana\Desktop\2DAW\DWES\laravel\api-rest-laravel_12-recetas\vendor\laravel\framework\src\Illuminate\Database\Connection.php:357
C:\Users\esana\Desktop\2DAW\DWES\laravel\api-rest-laravel_12-recetas\vendor\laravel\framework\src\Illuminate\Database\Connection.php:374
C:\Users\esana\Desktop\2DAW\DWES\laravel\api-rest-laravel_12-recetas\vendor\laravel\framework\src\Illuminate\Database\Schema\Builder.php:176
C:\Users\esana\Desktop\2DAW\DWES\laravel\api-rest-laravel_12-recetas\vendor\laravel\framework\src\Illuminate\Database\Migrations\DatabaseMigrationRepository.php:185
C:\Users\esana\Desktop\2DAW\DWES\laravel\api-rest-laravel_12-recetas\vendor\laravel\framework\src\Illuminate\Database\Migrations\Migrator.php:756
C:\Users\esana\Desktop\2DAW\DWES\laravel\api-rest-laravel_12-recetas\vendor\laravel\framework\src\Illuminate\Database\Console\Migrations\FreshCommand.php:67
C:\Users\esana\Desktop\2DAW\DWES\laravel\api-rest-laravel_12-recetas\vendor\laravel\framework\src\Illuminate\Database\Migrations\Migrator.php:669
C:\Users\esana\Desktop\2DAW\DWES\laravel\api-rest-laravel_12-recetas\vendor\laravel\framework\src\Illuminate\Database\Console\Migrations\FreshCommand.php:66
C:\Users\esana\Desktop\2DAW\DWES\laravel\api-rest-laravel_12-recetas\vendor\laravel\framework\src\Illuminate\Container\BoundMethod.php:36
C:\Users\esana\Desktop\2DAW\DWES\laravel\api-rest-laravel_12-recetas\vendor\laravel\framework\src\Illuminate\Container\Util.php:43
C:\Users\esana\Desktop\2DAW\DWES\laravel\api-rest-laravel_12-recetas\vendor\laravel\framework\src\Illuminate\Container\BoundMethod.php:96
C:\Users\esana\Desktop\2DAW\DWES\laravel\api-rest-laravel_12-recetas\vendor\laravel\framework\src\Illuminate\Container\BoundMethod.php:35
C:\Users\esana\Desktop\2DAW\DWES\laravel\api-rest-laravel_12-recetas\vendor\laravel\framework\src\Illuminate\Container\Container.php:799
C:\Users\esana\Desktop\2DAW\DWES\laravel\api-rest-laravel_12-recetas\vendor\laravel\framework\src\Illuminate\Console\Command.php:211
C:\Users\esana\Desktop\2DAW\DWES\laravel\api-rest-laravel_12-recetas\vendor\symfony\console\Command\Command.php:341
C:\Users\esana\Desktop\2DAW\DWES\laravel\api-rest-laravel_12-recetas\vendor\laravel\framework\src\Illuminate\Console\Command.php:180
C:\Users\esana\Desktop\2DAW\DWES\laravel\api-rest-laravel_12-recetas\vendor\symfony\console\Application.php:1079
C:\Users\esana\Desktop\2DAW\DWES\laravel\api-rest-laravel_12-recetas\vendor\symfony\console\Application.php:356
C:\Users\esana\Desktop\2DAW\DWES\laravel\api-rest-laravel_12-recetas\vendor\symfony\console\Application.php:195
C:\Users\esana\Desktop\2DAW\DWES\laravel\api-rest-laravel_12-recetas\vendor\laravel\framework\src\Illuminate\Console\Application.php:165
C:\Users\esana\Desktop\2DAW\DWES\laravel\api-rest-laravel_12-recetas\vendor\laravel\framework\src\Illuminate\Foundation\Console\Kernel.php:447
C:\Users\esana\Desktop\2DAW\DWES\laravel\api-rest-laravel_12-recetas\vendor\laravel\framework\src\Illuminate\Testing\PendingCommand.php:451
C:\Users\esana\Desktop\2DAW\DWES\laravel\api-rest-laravel_12-recetas\vendor\laravel\framework\src\Illuminate\Testing\PendingCommand.php:675
C:\Users\esana\Desktop\2DAW\DWES\laravel\api-rest-laravel_12-recetas\vendor\laravel\framework\src\Illuminate\Foundation\Testing\Concerns\InteractsWithConsole.php:87
C:\Users\esana\Desktop\2DAW\DWES\laravel\api-rest-laravel_12-recetas\vendor\laravel\framework\src\Illuminate\Foundation\Testing\RefreshDatabase.php:119
C:\Users\esana\Desktop\2DAW\DWES\laravel\api-rest-laravel_12-recetas\vendor\laravel\framework\src\Illuminate\Foundation\Testing\RefreshDatabase.php:84
C:\Users\esana\Desktop\2DAW\DWES\laravel\api-rest-laravel_12-recetas\vendor\laravel\framework\src\Illuminate\Foundation\Testing\RefreshDatabase.php:25
C:\Users\esana\Desktop\2DAW\DWES\laravel\api-rest-laravel_12-recetas\vendor\laravel\framework\src\Illuminate\Foundation\Testing\Concerns\InteractsWithTestCaseLifecycle.php:213
C:\Users\esana\Desktop\2DAW\DWES\laravel\api-rest-laravel_12-recetas\vendor\laravel\framework\src\Illuminate\Foundation\Testing\Concerns\InteractsWithTestCaseLifecycle.php:99
C:\Users\esana\Desktop\2DAW\DWES\laravel\api-rest-laravel_12-recetas\vendor\laravel\framework\src\Illuminate\Foundation\Testing\TestCase.php:63

Caused by
Illuminate\Database\SQLiteDatabaseDoesNotExistException: Database file at path [testing] does not exist. Ensure this is an absolute path to the database.

C:\Users\esana\Desktop\2DAW\DWES\laravel\api-rest-laravel_12-recetas\vendor\laravel\framework\src\Illuminate\Database\Connectors\SQLiteConnector.php:60
C:\Users\esana\Desktop\2DAW\DWES\laravel\api-rest-laravel_12-recetas\vendor\laravel\framework\src\Illuminate\Database\Connectors\SQLiteConnector.php:19
C:\Users\esana\Desktop\2DAW\DWES\laravel\api-rest-laravel_12-recetas\vendor\laravel\framework\src\Illuminate\Database\Connectors\ConnectionFactory.php:225
C:\Users\esana\Desktop\2DAW\DWES\laravel\api-rest-laravel_12-recetas\vendor\laravel\framework\src\Illuminate\Database\Connection.php:1257
C:\Users\esana\Desktop\2DAW\DWES\laravel\api-rest-laravel_12-recetas\vendor\laravel\framework\src\Illuminate\Database\Connection.php:1295
C:\Users\esana\Desktop\2DAW\DWES\laravel\api-rest-laravel_12-recetas\vendor\laravel\framework\src\Illuminate\Database\Connection.php:525
C:\Users\esana\Desktop\2DAW\DWES\laravel\api-rest-laravel_12-recetas\vendor\laravel\framework\src\Illuminate\Database\Connection.php:420
C:\Users\esana\Desktop\2DAW\DWES\laravel\api-rest-laravel_12-recetas\vendor\laravel\framework\src\Illuminate\Database\Connection.php:827
C:\Users\esana\Desktop\2DAW\DWES\laravel\api-rest-laravel_12-recetas\vendor\laravel\framework\src\Illuminate\Database\Connection.php:794
C:\Users\esana\Desktop\2DAW\DWES\laravel\api-rest-laravel_12-recetas\vendor\laravel\framework\src\Illuminate\Database\Connection.php:411
C:\Users\esana\Desktop\2DAW\DWES\laravel\api-rest-laravel_12-recetas\vendor\laravel\framework\src\Illuminate\Database\Connection.php:357
C:\Users\esana\Desktop\2DAW\DWES\laravel\api-rest-laravel_12-recetas\vendor\laravel\framework\src\Illuminate\Database\Connection.php:374
C:\Users\esana\Desktop\2DAW\DWES\laravel\api-rest-laravel_12-recetas\vendor\laravel\framework\src\Illuminate\Database\Schema\Builder.php:176
C:\Users\esana\Desktop\2DAW\DWES\laravel\api-rest-laravel_12-recetas\vendor\laravel\framework\src\Illuminate\Database\Migrations\DatabaseMigrationRepository.php:185
C:\Users\esana\Desktop\2DAW\DWES\laravel\api-rest-laravel_12-recetas\vendor\laravel\framework\src\Illuminate\Database\Migrations\Migrator.php:756
C:\Users\esana\Desktop\2DAW\DWES\laravel\api-rest-laravel_12-recetas\vendor\laravel\framework\src\Illuminate\Database\Console\Migrations\FreshCommand.php:67
C:\Users\esana\Desktop\2DAW\DWES\laravel\api-rest-laravel_12-recetas\vendor\laravel\framework\src\Illuminate\Database\Migrations\Migrator.php:669
C:\Users\esana\Desktop\2DAW\DWES\laravel\api-rest-laravel_12-recetas\vendor\laravel\framework\src\Illuminate\Database\Console\Migrations\FreshCommand.php:66
C:\Users\esana\Desktop\2DAW\DWES\laravel\api-rest-laravel_12-recetas\vendor\laravel\framework\src\Illuminate\Container\BoundMethod.php:36
C:\Users\esana\Desktop\2DAW\DWES\laravel\api-rest-laravel_12-recetas\vendor\laravel\framework\src\Illuminate\Container\Util.php:43
C:\Users\esana\Desktop\2DAW\DWES\laravel\api-rest-laravel_12-recetas\vendor\laravel\framework\src\Illuminate\Container\BoundMethod.php:96
C:\Users\esana\Desktop\2DAW\DWES\laravel\api-rest-laravel_12-recetas\vendor\laravel\framework\src\Illuminate\Container\BoundMethod.php:35
C:\Users\esana\Desktop\2DAW\DWES\laravel\api-rest-laravel_12-recetas\vendor\laravel\framework\src\Illuminate\Container\Container.php:799
C:\Users\esana\Desktop\2DAW\DWES\laravel\api-rest-laravel_12-recetas\vendor\laravel\framework\src\Illuminate\Console\Command.php:211
C:\Users\esana\Desktop\2DAW\DWES\laravel\api-rest-laravel_12-recetas\vendor\symfony\console\Command\Command.php:341
C:\Users\esana\Desktop\2DAW\DWES\laravel\api-rest-laravel_12-recetas\vendor\laravel\framework\src\Illuminate\Console\Command.php:180
C:\Users\esana\Desktop\2DAW\DWES\laravel\api-rest-laravel_12-recetas\vendor\symfony\console\Application.php:1079
C:\Users\esana\Desktop\2DAW\DWES\laravel\api-rest-laravel_12-recetas\vendor\symfony\console\Application.php:356
C:\Users\esana\Desktop\2DAW\DWES\laravel\api-rest-laravel_12-recetas\vendor\symfony\console\Application.php:195
C:\Users\esana\Desktop\2DAW\DWES\laravel\api-rest-laravel_12-recetas\vendor\laravel\framework\src\Illuminate\Console\Application.php:165
C:\Users\esana\Desktop\2DAW\DWES\laravel\api-rest-laravel_12-recetas\vendor\laravel\framework\src\Illuminate\Foundation\Console\Kernel.php:447
C:\Users\esana\Desktop\2DAW\DWES\laravel\api-rest-laravel_12-recetas\vendor\laravel\framework\src\Illuminate\Testing\PendingCommand.php:451
C:\Users\esana\Desktop\2DAW\DWES\laravel\api-rest-laravel_12-recetas\vendor\laravel\framework\src\Illuminate\Testing\PendingCommand.php:675
C:\Users\esana\Desktop\2DAW\DWES\laravel\api-rest-laravel_12-recetas\vendor\laravel\framework\src\Illuminate\Foundation\Testing\Concerns\InteractsWithConsole.php:87
C:\Users\esana\Desktop\2DAW\DWES\laravel\api-rest-laravel_12-recetas\vendor\laravel\framework\src\Illuminate\Foundation\Testing\RefreshDatabase.php:119
C:\Users\esana\Desktop\2DAW\DWES\laravel\api-rest-laravel_12-recetas\vendor\laravel\framework\src\Illuminate\Foundation\Testing\RefreshDatabase.php:84
C:\Users\esana\Desktop\2DAW\DWES\laravel\api-rest-laravel_12-recetas\vendor\laravel\framework\src\Illuminate\Foundation\Testing\RefreshDatabase.php:25
C:\Users\esana\Desktop\2DAW\DWES\laravel\api-rest-laravel_12-recetas\vendor\laravel\framework\src\Illuminate\Foundation\Testing\Concerns\InteractsWithTestCaseLifecycle.php:213
C:\Users\esana\Desktop\2DAW\DWES\laravel\api-rest-laravel_12-recetas\vendor\laravel\framework\src\Illuminate\Foundation\Testing\Concerns\InteractsWithTestCaseLifecycle.php:99
C:\Users\esana\Desktop\2DAW\DWES\laravel\api-rest-laravel_12-recetas\vendor\laravel\framework\src\Illuminate\Foundation\Testing\TestCase.php:63

4) Tests\Feature\ExtensionTest::a_user_can_comment_on_a_recipe
Illuminate\Database\QueryException: Database file at path [testing] does not exist. Ensure this is an absolute path to the database. (Connection: sqlite, Database: testing, SQL: select exists (select 1 from "main".sqlite_master where name = 'migrations' and type = 'table') as "exists")

C:\Users\esana\Desktop\2DAW\DWES\laravel\api-rest-laravel_12-recetas\vendor\laravel\framework\src\Illuminate\Database\Connection.php:838
C:\Users\esana\Desktop\2DAW\DWES\laravel\api-rest-laravel_12-recetas\vendor\laravel\framework\src\Illuminate\Database\Connection.php:794
C:\Users\esana\Desktop\2DAW\DWES\laravel\api-rest-laravel_12-recetas\vendor\laravel\framework\src\Illuminate\Database\Connection.php:411
C:\Users\esana\Desktop\2DAW\DWES\laravel\api-rest-laravel_12-recetas\vendor\laravel\framework\src\Illuminate\Database\Connection.php:357
C:\Users\esana\Desktop\2DAW\DWES\laravel\api-rest-laravel_12-recetas\vendor\laravel\framework\src\Illuminate\Database\Connection.php:374
C:\Users\esana\Desktop\2DAW\DWES\laravel\api-rest-laravel_12-recetas\vendor\laravel\framework\src\Illuminate\Database\Schema\Builder.php:176
C:\Users\esana\Desktop\2DAW\DWES\laravel\api-rest-laravel_12-recetas\vendor\laravel\framework\src\Illuminate\Database\Migrations\DatabaseMigrationRepository.php:185
C:\Users\esana\Desktop\2DAW\DWES\laravel\api-rest-laravel_12-recetas\vendor\laravel\framework\src\Illuminate\Database\Migrations\Migrator.php:756
C:\Users\esana\Desktop\2DAW\DWES\laravel\api-rest-laravel_12-recetas\vendor\laravel\framework\src\Illuminate\Database\Console\Migrations\FreshCommand.php:67
C:\Users\esana\Desktop\2DAW\DWES\laravel\api-rest-laravel_12-recetas\vendor\laravel\framework\src\Illuminate\Database\Migrations\Migrator.php:669
C:\Users\esana\Desktop\2DAW\DWES\laravel\api-rest-laravel_12-recetas\vendor\laravel\framework\src\Illuminate\Database\Console\Migrations\FreshCommand.php:66
C:\Users\esana\Desktop\2DAW\DWES\laravel\api-rest-laravel_12-recetas\vendor\laravel\framework\src\Illuminate\Container\BoundMethod.php:36
C:\Users\esana\Desktop\2DAW\DWES\laravel\api-rest-laravel_12-recetas\vendor\laravel\framework\src\Illuminate\Container\Util.php:43
C:\Users\esana\Desktop\2DAW\DWES\laravel\api-rest-laravel_12-recetas\vendor\laravel\framework\src\Illuminate\Container\BoundMethod.php:96
C:\Users\esana\Desktop\2DAW\DWES\laravel\api-rest-laravel_12-recetas\vendor\laravel\framework\src\Illuminate\Container\BoundMethod.php:35
C:\Users\esana\Desktop\2DAW\DWES\laravel\api-rest-laravel_12-recetas\vendor\laravel\framework\src\Illuminate\Container\Container.php:799
C:\Users\esana\Desktop\2DAW\DWES\laravel\api-rest-laravel_12-recetas\vendor\laravel\framework\src\Illuminate\Console\Command.php:211
C:\Users\esana\Desktop\2DAW\DWES\laravel\api-rest-laravel_12-recetas\vendor\symfony\console\Command\Command.php:341
C:\Users\esana\Desktop\2DAW\DWES\laravel\api-rest-laravel_12-recetas\vendor\laravel\framework\src\Illuminate\Console\Command.php:180
C:\Users\esana\Desktop\2DAW\DWES\laravel\api-rest-laravel_12-recetas\vendor\symfony\console\Application.php:1079
C:\Users\esana\Desktop\2DAW\DWES\laravel\api-rest-laravel_12-recetas\vendor\symfony\console\Application.php:356
C:\Users\esana\Desktop\2DAW\DWES\laravel\api-rest-laravel_12-recetas\vendor\symfony\console\Application.php:195
C:\Users\esana\Desktop\2DAW\DWES\laravel\api-rest-laravel_12-recetas\vendor\laravel\framework\src\Illuminate\Console\Application.php:165
C:\Users\esana\Desktop\2DAW\DWES\laravel\api-rest-laravel_12-recetas\vendor\laravel\framework\src\Illuminate\Foundation\Console\Kernel.php:447
C:\Users\esana\Desktop\2DAW\DWES\laravel\api-rest-laravel_12-recetas\vendor\laravel\framework\src\Illuminate\Testing\PendingCommand.php:451
C:\Users\esana\Desktop\2DAW\DWES\laravel\api-rest-laravel_12-recetas\vendor\laravel\framework\src\Illuminate\Testing\PendingCommand.php:675
C:\Users\esana\Desktop\2DAW\DWES\laravel\api-rest-laravel_12-recetas\vendor\laravel\framework\src\Illuminate\Foundation\Testing\Concerns\InteractsWithConsole.php:87
C:\Users\esana\Desktop\2DAW\DWES\laravel\api-rest-laravel_12-recetas\vendor\laravel\framework\src\Illuminate\Foundation\Testing\RefreshDatabase.php:119
C:\Users\esana\Desktop\2DAW\DWES\laravel\api-rest-laravel_12-recetas\vendor\laravel\framework\src\Illuminate\Foundation\Testing\RefreshDatabase.php:84
C:\Users\esana\Desktop\2DAW\DWES\laravel\api-rest-laravel_12-recetas\vendor\laravel\framework\src\Illuminate\Foundation\Testing\RefreshDatabase.php:25
C:\Users\esana\Desktop\2DAW\DWES\laravel\api-rest-laravel_12-recetas\vendor\laravel\framework\src\Illuminate\Foundation\Testing\Concerns\InteractsWithTestCaseLifecycle.php:213
C:\Users\esana\Desktop\2DAW\DWES\laravel\api-rest-laravel_12-recetas\vendor\laravel\framework\src\Illuminate\Foundation\Testing\Concerns\InteractsWithTestCaseLifecycle.php:99
C:\Users\esana\Desktop\2DAW\DWES\laravel\api-rest-laravel_12-recetas\vendor\laravel\framework\src\Illuminate\Foundation\Testing\TestCase.php:63

Caused by
Illuminate\Database\SQLiteDatabaseDoesNotExistException: Database file at path [testing] does not exist. Ensure this is an absolute path to the database.

C:\Users\esana\Desktop\2DAW\DWES\laravel\api-rest-laravel_12-recetas\vendor\laravel\framework\src\Illuminate\Database\Connectors\SQLiteConnector.php:60
C:\Users\esana\Desktop\2DAW\DWES\laravel\api-rest-laravel_12-recetas\vendor\laravel\framework\src\Illuminate\Database\Connectors\SQLiteConnector.php:19
C:\Users\esana\Desktop\2DAW\DWES\laravel\api-rest-laravel_12-recetas\vendor\laravel\framework\src\Illuminate\Database\Connectors\ConnectionFactory.php:225
C:\Users\esana\Desktop\2DAW\DWES\laravel\api-rest-laravel_12-recetas\vendor\laravel\framework\src\Illuminate\Database\Connection.php:1257
C:\Users\esana\Desktop\2DAW\DWES\laravel\api-rest-laravel_12-recetas\vendor\laravel\framework\src\Illuminate\Database\Connection.php:1295
C:\Users\esana\Desktop\2DAW\DWES\laravel\api-rest-laravel_12-recetas\vendor\laravel\framework\src\Illuminate\Database\Connection.php:525
C:\Users\esana\Desktop\2DAW\DWES\laravel\api-rest-laravel_12-recetas\vendor\laravel\framework\src\Illuminate\Database\Connection.php:420
C:\Users\esana\Desktop\2DAW\DWES\laravel\api-rest-laravel_12-recetas\vendor\laravel\framework\src\Illuminate\Database\Connection.php:827
C:\Users\esana\Desktop\2DAW\DWES\laravel\api-rest-laravel_12-recetas\vendor\laravel\framework\src\Illuminate\Database\Connection.php:794
C:\Users\esana\Desktop\2DAW\DWES\laravel\api-rest-laravel_12-recetas\vendor\laravel\framework\src\Illuminate\Database\Connection.php:411
C:\Users\esana\Desktop\2DAW\DWES\laravel\api-rest-laravel_12-recetas\vendor\laravel\framework\src\Illuminate\Database\Connection.php:357
C:\Users\esana\Desktop\2DAW\DWES\laravel\api-rest-laravel_12-recetas\vendor\laravel\framework\src\Illuminate\Database\Connection.php:374
C:\Users\esana\Desktop\2DAW\DWES\laravel\api-rest-laravel_12-recetas\vendor\laravel\framework\src\Illuminate\Database\Schema\Builder.php:176
C:\Users\esana\Desktop\2DAW\DWES\laravel\api-rest-laravel_12-recetas\vendor\laravel\framework\src\Illuminate\Database\Migrations\DatabaseMigrationRepository.php:185
C:\Users\esana\Desktop\2DAW\DWES\laravel\api-rest-laravel_12-recetas\vendor\laravel\framework\src\Illuminate\Database\Migrations\Migrator.php:756
C:\Users\esana\Desktop\2DAW\DWES\laravel\api-rest-laravel_12-recetas\vendor\laravel\framework\src\Illuminate\Database\Console\Migrations\FreshCommand.php:67
C:\Users\esana\Desktop\2DAW\DWES\laravel\api-rest-laravel_12-recetas\vendor\laravel\framework\src\Illuminate\Database\Migrations\Migrator.php:669
C:\Users\esana\Desktop\2DAW\DWES\laravel\api-rest-laravel_12-recetas\vendor\laravel\framework\src\Illuminate\Database\Console\Migrations\FreshCommand.php:66
C:\Users\esana\Desktop\2DAW\DWES\laravel\api-rest-laravel_12-recetas\vendor\laravel\framework\src\Illuminate\Container\BoundMethod.php:36
C:\Users\esana\Desktop\2DAW\DWES\laravel\api-rest-laravel_12-recetas\vendor\laravel\framework\src\Illuminate\Container\Util.php:43
C:\Users\esana\Desktop\2DAW\DWES\laravel\api-rest-laravel_12-recetas\vendor\laravel\framework\src\Illuminate\Container\BoundMethod.php:96
C:\Users\esana\Desktop\2DAW\DWES\laravel\api-rest-laravel_12-recetas\vendor\laravel\framework\src\Illuminate\Container\BoundMethod.php:35
C:\Users\esana\Desktop\2DAW\DWES\laravel\api-rest-laravel_12-recetas\vendor\laravel\framework\src\Illuminate\Container\Container.php:799
C:\Users\esana\Desktop\2DAW\DWES\laravel\api-rest-laravel_12-recetas\vendor\laravel\framework\src\Illuminate\Console\Command.php:211
C:\Users\esana\Desktop\2DAW\DWES\laravel\api-rest-laravel_12-recetas\vendor\symfony\console\Command\Command.php:341
C:\Users\esana\Desktop\2DAW\DWES\laravel\api-rest-laravel_12-recetas\vendor\laravel\framework\src\Illuminate\Console\Command.php:180
C:\Users\esana\Desktop\2DAW\DWES\laravel\api-rest-laravel_12-recetas\vendor\symfony\console\Application.php:1079
C:\Users\esana\Desktop\2DAW\DWES\laravel\api-rest-laravel_12-recetas\vendor\symfony\console\Application.php:356
C:\Users\esana\Desktop\2DAW\DWES\laravel\api-rest-laravel_12-recetas\vendor\symfony\console\Application.php:195
C:\Users\esana\Desktop\2DAW\DWES\laravel\api-rest-laravel_12-recetas\vendor\laravel\framework\src\Illuminate\Console\Application.php:165
C:\Users\esana\Desktop\2DAW\DWES\laravel\api-rest-laravel_12-recetas\vendor\laravel\framework\src\Illuminate\Foundation\Console\Kernel.php:447
C:\Users\esana\Desktop\2DAW\DWES\laravel\api-rest-laravel_12-recetas\vendor\laravel\framework\src\Illuminate\Testing\PendingCommand.php:451
C:\Users\esana\Desktop\2DAW\DWES\laravel\api-rest-laravel_12-recetas\vendor\laravel\framework\src\Illuminate\Testing\PendingCommand.php:675
C:\Users\esana\Desktop\2DAW\DWES\laravel\api-rest-laravel_12-recetas\vendor\laravel\framework\src\Illuminate\Foundation\Testing\Concerns\InteractsWithConsole.php:87
C:\Users\esana\Desktop\2DAW\DWES\laravel\api-rest-laravel_12-recetas\vendor\laravel\framework\src\Illuminate\Foundation\Testing\RefreshDatabase.php:119
C:\Users\esana\Desktop\2DAW\DWES\laravel\api-rest-laravel_12-recetas\vendor\laravel\framework\src\Illuminate\Foundation\Testing\RefreshDatabase.php:84
C:\Users\esana\Desktop\2DAW\DWES\laravel\api-rest-laravel_12-recetas\vendor\laravel\framework\src\Illuminate\Foundation\Testing\RefreshDatabase.php:25
C:\Users\esana\Desktop\2DAW\DWES\laravel\api-rest-laravel_12-recetas\vendor\laravel\framework\src\Illuminate\Foundation\Testing\Concerns\InteractsWithTestCaseLifecycle.php:213
C:\Users\esana\Desktop\2DAW\DWES\laravel\api-rest-laravel_12-recetas\vendor\laravel\framework\src\Illuminate\Foundation\Testing\Concerns\InteractsWithTestCaseLifecycle.php:99
C:\Users\esana\Desktop\2DAW\DWES\laravel\api-rest-laravel_12-recetas\vendor\laravel\framework\src\Illuminate\Foundation\Testing\TestCase.php:63

5) Tests\Feature\ExtensionTest::a_user_can_delete_their_own_comment
Illuminate\Database\QueryException: Database file at path [testing] does not exist. Ensure this is an absolute path to the database. (Connection: sqlite, Database: testing, SQL: select exists (select 1 from "main".sqlite_master where name = 'migrations' and type = 'table') as "exists")

C:\Users\esana\Desktop\2DAW\DWES\laravel\api-rest-laravel_12-recetas\vendor\laravel\framework\src\Illuminate\Database\Connection.php:838
C:\Users\esana\Desktop\2DAW\DWES\laravel\api-rest-laravel_12-recetas\vendor\laravel\framework\src\Illuminate\Database\Connection.php:794
C:\Users\esana\Desktop\2DAW\DWES\laravel\api-rest-laravel_12-recetas\vendor\laravel\framework\src\Illuminate\Database\Connection.php:411
C:\Users\esana\Desktop\2DAW\DWES\laravel\api-rest-laravel_12-recetas\vendor\laravel\framework\src\Illuminate\Database\Connection.php:357
C:\Users\esana\Desktop\2DAW\DWES\laravel\api-rest-laravel_12-recetas\vendor\laravel\framework\src\Illuminate\Database\Connection.php:374
C:\Users\esana\Desktop\2DAW\DWES\laravel\api-rest-laravel_12-recetas\vendor\laravel\framework\src\Illuminate\Database\Schema\Builder.php:176
C:\Users\esana\Desktop\2DAW\DWES\laravel\api-rest-laravel_12-recetas\vendor\laravel\framework\src\Illuminate\Database\Migrations\DatabaseMigrationRepository.php:185
C:\Users\esana\Desktop\2DAW\DWES\laravel\api-rest-laravel_12-recetas\vendor\laravel\framework\src\Illuminate\Database\Migrations\Migrator.php:756
C:\Users\esana\Desktop\2DAW\DWES\laravel\api-rest-laravel_12-recetas\vendor\laravel\framework\src\Illuminate\Database\Console\Migrations\FreshCommand.php:67
C:\Users\esana\Desktop\2DAW\DWES\laravel\api-rest-laravel_12-recetas\vendor\laravel\framework\src\Illuminate\Database\Migrations\Migrator.php:669
C:\Users\esana\Desktop\2DAW\DWES\laravel\api-rest-laravel_12-recetas\vendor\laravel\framework\src\Illuminate\Database\Console\Migrations\FreshCommand.php:66
C:\Users\esana\Desktop\2DAW\DWES\laravel\api-rest-laravel_12-recetas\vendor\laravel\framework\src\Illuminate\Container\BoundMethod.php:36
C:\Users\esana\Desktop\2DAW\DWES\laravel\api-rest-laravel_12-recetas\vendor\laravel\framework\src\Illuminate\Container\Util.php:43
C:\Users\esana\Desktop\2DAW\DWES\laravel\api-rest-laravel_12-recetas\vendor\laravel\framework\src\Illuminate\Container\BoundMethod.php:96
C:\Users\esana\Desktop\2DAW\DWES\laravel\api-rest-laravel_12-recetas\vendor\laravel\framework\src\Illuminate\Container\BoundMethod.php:35
C:\Users\esana\Desktop\2DAW\DWES\laravel\api-rest-laravel_12-recetas\vendor\laravel\framework\src\Illuminate\Container\Container.php:799
C:\Users\esana\Desktop\2DAW\DWES\laravel\api-rest-laravel_12-recetas\vendor\laravel\framework\src\Illuminate\Console\Command.php:211
C:\Users\esana\Desktop\2DAW\DWES\laravel\api-rest-laravel_12-recetas\vendor\symfony\console\Command\Command.php:341
C:\Users\esana\Desktop\2DAW\DWES\laravel\api-rest-laravel_12-recetas\vendor\laravel\framework\src\Illuminate\Console\Command.php:180
C:\Users\esana\Desktop\2DAW\DWES\laravel\api-rest-laravel_12-recetas\vendor\symfony\console\Application.php:1079
C:\Users\esana\Desktop\2DAW\DWES\laravel\api-rest-laravel_12-recetas\vendor\symfony\console\Application.php:356
C:\Users\esana\Desktop\2DAW\DWES\laravel\api-rest-laravel_12-recetas\vendor\symfony\console\Application.php:195
C:\Users\esana\Desktop\2DAW\DWES\laravel\api-rest-laravel_12-recetas\vendor\laravel\framework\src\Illuminate\Console\Application.php:165
C:\Users\esana\Desktop\2DAW\DWES\laravel\api-rest-laravel_12-recetas\vendor\laravel\framework\src\Illuminate\Foundation\Console\Kernel.php:447
C:\Users\esana\Desktop\2DAW\DWES\laravel\api-rest-laravel_12-recetas\vendor\laravel\framework\src\Illuminate\Testing\PendingCommand.php:451
C:\Users\esana\Desktop\2DAW\DWES\laravel\api-rest-laravel_12-recetas\vendor\laravel\framework\src\Illuminate\Testing\PendingCommand.php:675
C:\Users\esana\Desktop\2DAW\DWES\laravel\api-rest-laravel_12-recetas\vendor\laravel\framework\src\Illuminate\Foundation\Testing\Concerns\InteractsWithConsole.php:87
C:\Users\esana\Desktop\2DAW\DWES\laravel\api-rest-laravel_12-recetas\vendor\laravel\framework\src\Illuminate\Foundation\Testing\RefreshDatabase.php:119
C:\Users\esana\Desktop\2DAW\DWES\laravel\api-rest-laravel_12-recetas\vendor\laravel\framework\src\Illuminate\Foundation\Testing\RefreshDatabase.php:84
C:\Users\esana\Desktop\2DAW\DWES\laravel\api-rest-laravel_12-recetas\vendor\laravel\framework\src\Illuminate\Foundation\Testing\RefreshDatabase.php:25
C:\Users\esana\Desktop\2DAW\DWES\laravel\api-rest-laravel_12-recetas\vendor\laravel\framework\src\Illuminate\Foundation\Testing\Concerns\InteractsWithTestCaseLifecycle.php:213
C:\Users\esana\Desktop\2DAW\DWES\laravel\api-rest-laravel_12-recetas\vendor\laravel\framework\src\Illuminate\Foundation\Testing\Concerns\InteractsWithTestCaseLifecycle.php:99
C:\Users\esana\Desktop\2DAW\DWES\laravel\api-rest-laravel_12-recetas\vendor\laravel\framework\src\Illuminate\Foundation\Testing\TestCase.php:63

Caused by
Illuminate\Database\SQLiteDatabaseDoesNotExistException: Database file at path [testing] does not exist. Ensure this is an absolute path to the database.

C:\Users\esana\Desktop\2DAW\DWES\laravel\api-rest-laravel_12-recetas\vendor\laravel\framework\src\Illuminate\Database\Connectors\SQLiteConnector.php:60
C:\Users\esana\Desktop\2DAW\DWES\laravel\api-rest-laravel_12-recetas\vendor\laravel\framework\src\Illuminate\Database\Connectors\SQLiteConnector.php:19
C:\Users\esana\Desktop\2DAW\DWES\laravel\api-rest-laravel_12-recetas\vendor\laravel\framework\src\Illuminate\Database\Connectors\ConnectionFactory.php:225
C:\Users\esana\Desktop\2DAW\DWES\laravel\api-rest-laravel_12-recetas\vendor\laravel\framework\src\Illuminate\Database\Connection.php:1257
C:\Users\esana\Desktop\2DAW\DWES\laravel\api-rest-laravel_12-recetas\vendor\laravel\framework\src\Illuminate\Database\Connection.php:1295
C:\Users\esana\Desktop\2DAW\DWES\laravel\api-rest-laravel_12-recetas\vendor\laravel\framework\src\Illuminate\Database\Connection.php:525
C:\Users\esana\Desktop\2DAW\DWES\laravel\api-rest-laravel_12-recetas\vendor\laravel\framework\src\Illuminate\Database\Connection.php:420
C:\Users\esana\Desktop\2DAW\DWES\laravel\api-rest-laravel_12-recetas\vendor\laravel\framework\src\Illuminate\Database\Connection.php:827
C:\Users\esana\Desktop\2DAW\DWES\laravel\api-rest-laravel_12-recetas\vendor\laravel\framework\src\Illuminate\Database\Connection.php:794
C:\Users\esana\Desktop\2DAW\DWES\laravel\api-rest-laravel_12-recetas\vendor\laravel\framework\src\Illuminate\Database\Connection.php:411
C:\Users\esana\Desktop\2DAW\DWES\laravel\api-rest-laravel_12-recetas\vendor\laravel\framework\src\Illuminate\Database\Connection.php:357
C:\Users\esana\Desktop\2DAW\DWES\laravel\api-rest-laravel_12-recetas\vendor\laravel\framework\src\Illuminate\Database\Connection.php:374
C:\Users\esana\Desktop\2DAW\DWES\laravel\api-rest-laravel_12-recetas\vendor\laravel\framework\src\Illuminate\Database\Schema\Builder.php:176
C:\Users\esana\Desktop\2DAW\DWES\laravel\api-rest-laravel_12-recetas\vendor\laravel\framework\src\Illuminate\Database\Migrations\DatabaseMigrationRepository.php:185
C:\Users\esana\Desktop\2DAW\DWES\laravel\api-rest-laravel_12-recetas\vendor\laravel\framework\src\Illuminate\Database\Migrations\Migrator.php:756
C:\Users\esana\Desktop\2DAW\DWES\laravel\api-rest-laravel_12-recetas\vendor\laravel\framework\src\Illuminate\Database\Console\Migrations\FreshCommand.php:67
C:\Users\esana\Desktop\2DAW\DWES\laravel\api-rest-laravel_12-recetas\vendor\laravel\framework\src\Illuminate\Database\Migrations\Migrator.php:669
C:\Users\esana\Desktop\2DAW\DWES\laravel\api-rest-laravel_12-recetas\vendor\laravel\framework\src\Illuminate\Database\Console\Migrations\FreshCommand.php:66
C:\Users\esana\Desktop\2DAW\DWES\laravel\api-rest-laravel_12-recetas\vendor\laravel\framework\src\Illuminate\Container\BoundMethod.php:36
C:\Users\esana\Desktop\2DAW\DWES\laravel\api-rest-laravel_12-recetas\vendor\laravel\framework\src\Illuminate\Container\Util.php:43
C:\Users\esana\Desktop\2DAW\DWES\laravel\api-rest-laravel_12-recetas\vendor\laravel\framework\src\Illuminate\Container\BoundMethod.php:96
C:\Users\esana\Desktop\2DAW\DWES\laravel\api-rest-laravel_12-recetas\vendor\laravel\framework\src\Illuminate\Container\BoundMethod.php:35
C:\Users\esana\Desktop\2DAW\DWES\laravel\api-rest-laravel_12-recetas\vendor\laravel\framework\src\Illuminate\Container\Container.php:799
C:\Users\esana\Desktop\2DAW\DWES\laravel\api-rest-laravel_12-recetas\vendor\laravel\framework\src\Illuminate\Console\Command.php:211
C:\Users\esana\Desktop\2DAW\DWES\laravel\api-rest-laravel_12-recetas\vendor\symfony\console\Command\Command.php:341
C:\Users\esana\Desktop\2DAW\DWES\laravel\api-rest-laravel_12-recetas\vendor\laravel\framework\src\Illuminate\Console\Command.php:180
C:\Users\esana\Desktop\2DAW\DWES\laravel\api-rest-laravel_12-recetas\vendor\symfony\console\Application.php:1079
C:\Users\esana\Desktop\2DAW\DWES\laravel\api-rest-laravel_12-recetas\vendor\symfony\console\Application.php:356
C:\Users\esana\Desktop\2DAW\DWES\laravel\api-rest-laravel_12-recetas\vendor\symfony\console\Application.php:195
C:\Users\esana\Desktop\2DAW\DWES\laravel\api-rest-laravel_12-recetas\vendor\laravel\framework\src\Illuminate\Console\Application.php:165
C:\Users\esana\Desktop\2DAW\DWES\laravel\api-rest-laravel_12-recetas\vendor\laravel\framework\src\Illuminate\Foundation\Console\Kernel.php:447
C:\Users\esana\Desktop\2DAW\DWES\laravel\api-rest-laravel_12-recetas\vendor\laravel\framework\src\Illuminate\Testing\PendingCommand.php:451
C:\Users\esana\Desktop\2DAW\DWES\laravel\api-rest-laravel_12-recetas\vendor\laravel\framework\src\Illuminate\Testing\PendingCommand.php:675
C:\Users\esana\Desktop\2DAW\DWES\laravel\api-rest-laravel_12-recetas\vendor\laravel\framework\src\Illuminate\Foundation\Testing\Concerns\InteractsWithConsole.php:87
C:\Users\esana\Desktop\2DAW\DWES\laravel\api-rest-laravel_12-recetas\vendor\laravel\framework\src\Illuminate\Foundation\Testing\RefreshDatabase.php:119
C:\Users\esana\Desktop\2DAW\DWES\laravel\api-rest-laravel_12-recetas\vendor\laravel\framework\src\Illuminate\Foundation\Testing\RefreshDatabase.php:84
C:\Users\esana\Desktop\2DAW\DWES\laravel\api-rest-laravel_12-recetas\vendor\laravel\framework\src\Illuminate\Foundation\Testing\RefreshDatabase.php:25
C:\Users\esana\Desktop\2DAW\DWES\laravel\api-rest-laravel_12-recetas\vendor\laravel\framework\src\Illuminate\Foundation\Testing\Concerns\InteractsWithTestCaseLifecycle.php:213
C:\Users\esana\Desktop\2DAW\DWES\laravel\api-rest-laravel_12-recetas\vendor\laravel\framework\src\Illuminate\Foundation\Testing\Concerns\InteractsWithTestCaseLifecycle.php:99
C:\Users\esana\Desktop\2DAW\DWES\laravel\api-rest-laravel_12-recetas\vendor\laravel\framework\src\Illuminate\Foundation\Testing\TestCase.php:63

6) Tests\Feature\ExtensionTest::a_user_cannot_delete_others_comment
Illuminate\Database\QueryException: Database file at path [testing] does not exist. Ensure this is an absolute path to the database. (Connection: sqlite, Database: testing, SQL: select exists (select 1 from "main".sqlite_master where name = 'migrations' and type = 'table') as "exists")

C:\Users\esana\Desktop\2DAW\DWES\laravel\api-rest-laravel_12-recetas\vendor\laravel\framework\src\Illuminate\Database\Connection.php:838
C:\Users\esana\Desktop\2DAW\DWES\laravel\api-rest-laravel_12-recetas\vendor\laravel\framework\src\Illuminate\Database\Connection.php:794
C:\Users\esana\Desktop\2DAW\DWES\laravel\api-rest-laravel_12-recetas\vendor\laravel\framework\src\Illuminate\Database\Connection.php:411
C:\Users\esana\Desktop\2DAW\DWES\laravel\api-rest-laravel_12-recetas\vendor\laravel\framework\src\Illuminate\Database\Connection.php:357
C:\Users\esana\Desktop\2DAW\DWES\laravel\api-rest-laravel_12-recetas\vendor\laravel\framework\src\Illuminate\Database\Connection.php:374
C:\Users\esana\Desktop\2DAW\DWES\laravel\api-rest-laravel_12-recetas\vendor\laravel\framework\src\Illuminate\Database\Schema\Builder.php:176
C:\Users\esana\Desktop\2DAW\DWES\laravel\api-rest-laravel_12-recetas\vendor\laravel\framework\src\Illuminate\Database\Migrations\DatabaseMigrationRepository.php:185
C:\Users\esana\Desktop\2DAW\DWES\laravel\api-rest-laravel_12-recetas\vendor\laravel\framework\src\Illuminate\Database\Migrations\Migrator.php:756
C:\Users\esana\Desktop\2DAW\DWES\laravel\api-rest-laravel_12-recetas\vendor\laravel\framework\src\Illuminate\Database\Console\Migrations\FreshCommand.php:67
C:\Users\esana\Desktop\2DAW\DWES\laravel\api-rest-laravel_12-recetas\vendor\laravel\framework\src\Illuminate\Database\Migrations\Migrator.php:669
C:\Users\esana\Desktop\2DAW\DWES\laravel\api-rest-laravel_12-recetas\vendor\laravel\framework\src\Illuminate\Database\Console\Migrations\FreshCommand.php:66
C:\Users\esana\Desktop\2DAW\DWES\laravel\api-rest-laravel_12-recetas\vendor\laravel\framework\src\Illuminate\Container\BoundMethod.php:36
C:\Users\esana\Desktop\2DAW\DWES\laravel\api-rest-laravel_12-recetas\vendor\laravel\framework\src\Illuminate\Container\Util.php:43
C:\Users\esana\Desktop\2DAW\DWES\laravel\api-rest-laravel_12-recetas\vendor\laravel\framework\src\Illuminate\Container\BoundMethod.php:96
C:\Users\esana\Desktop\2DAW\DWES\laravel\api-rest-laravel_12-recetas\vendor\laravel\framework\src\Illuminate\Container\BoundMethod.php:35
C:\Users\esana\Desktop\2DAW\DWES\laravel\api-rest-laravel_12-recetas\vendor\laravel\framework\src\Illuminate\Container\Container.php:799
C:\Users\esana\Desktop\2DAW\DWES\laravel\api-rest-laravel_12-recetas\vendor\laravel\framework\src\Illuminate\Console\Command.php:211
C:\Users\esana\Desktop\2DAW\DWES\laravel\api-rest-laravel_12-recetas\vendor\symfony\console\Command\Command.php:341
C:\Users\esana\Desktop\2DAW\DWES\laravel\api-rest-laravel_12-recetas\vendor\laravel\framework\src\Illuminate\Console\Command.php:180
C:\Users\esana\Desktop\2DAW\DWES\laravel\api-rest-laravel_12-recetas\vendor\symfony\console\Application.php:1079
C:\Users\esana\Desktop\2DAW\DWES\laravel\api-rest-laravel_12-recetas\vendor\symfony\console\Application.php:356
C:\Users\esana\Desktop\2DAW\DWES\laravel\api-rest-laravel_12-recetas\vendor\symfony\console\Application.php:195
C:\Users\esana\Desktop\2DAW\DWES\laravel\api-rest-laravel_12-recetas\vendor\laravel\framework\src\Illuminate\Console\Application.php:165
C:\Users\esana\Desktop\2DAW\DWES\laravel\api-rest-laravel_12-recetas\vendor\laravel\framework\src\Illuminate\Foundation\Console\Kernel.php:447
C:\Users\esana\Desktop\2DAW\DWES\laravel\api-rest-laravel_12-recetas\vendor\laravel\framework\src\Illuminate\Testing\PendingCommand.php:451
C:\Users\esana\Desktop\2DAW\DWES\laravel\api-rest-laravel_12-recetas\vendor\laravel\framework\src\Illuminate\Testing\PendingCommand.php:675
C:\Users\esana\Desktop\2DAW\DWES\laravel\api-rest-laravel_12-recetas\vendor\laravel\framework\src\Illuminate\Foundation\Testing\Concerns\InteractsWithConsole.php:87
C:\Users\esana\Desktop\2DAW\DWES\laravel\api-rest-laravel_12-recetas\vendor\laravel\framework\src\Illuminate\Foundation\Testing\RefreshDatabase.php:119
C:\Users\esana\Desktop\2DAW\DWES\laravel\api-rest-laravel_12-recetas\vendor\laravel\framework\src\Illuminate\Foundation\Testing\RefreshDatabase.php:84
C:\Users\esana\Desktop\2DAW\DWES\laravel\api-rest-laravel_12-recetas\vendor\laravel\framework\src\Illuminate\Foundation\Testing\RefreshDatabase.php:25
C:\Users\esana\Desktop\2DAW\DWES\laravel\api-rest-laravel_12-recetas\vendor\laravel\framework\src\Illuminate\Foundation\Testing\Concerns\InteractsWithTestCaseLifecycle.php:213
C:\Users\esana\Desktop\2DAW\DWES\laravel\api-rest-laravel_12-recetas\vendor\laravel\framework\src\Illuminate\Foundation\Testing\Concerns\InteractsWithTestCaseLifecycle.php:99
C:\Users\esana\Desktop\2DAW\DWES\laravel\api-rest-laravel_12-recetas\vendor\laravel\framework\src\Illuminate\Foundation\Testing\TestCase.php:63

Caused by
Illuminate\Database\SQLiteDatabaseDoesNotExistException: Database file at path [testing] does not exist. Ensure this is an absolute path to the database.

C:\Users\esana\Desktop\2DAW\DWES\laravel\api-rest-laravel_12-recetas\vendor\laravel\framework\src\Illuminate\Database\Connectors\SQLiteConnector.php:60
C:\Users\esana\Desktop\2DAW\DWES\laravel\api-rest-laravel_12-recetas\vendor\laravel\framework\src\Illuminate\Database\Connectors\SQLiteConnector.php:19
C:\Users\esana\Desktop\2DAW\DWES\laravel\api-rest-laravel_12-recetas\vendor\laravel\framework\src\Illuminate\Database\Connectors\ConnectionFactory.php:225
C:\Users\esana\Desktop\2DAW\DWES\laravel\api-rest-laravel_12-recetas\vendor\laravel\framework\src\Illuminate\Database\Connection.php:1257
C:\Users\esana\Desktop\2DAW\DWES\laravel\api-rest-laravel_12-recetas\vendor\laravel\framework\src\Illuminate\Database\Connection.php:1295
C:\Users\esana\Desktop\2DAW\DWES\laravel\api-rest-laravel_12-recetas\vendor\laravel\framework\src\Illuminate\Database\Connection.php:525
C:\Users\esana\Desktop\2DAW\DWES\laravel\api-rest-laravel_12-recetas\vendor\laravel\framework\src\Illuminate\Database\Connection.php:420
C:\Users\esana\Desktop\2DAW\DWES\laravel\api-rest-laravel_12-recetas\vendor\laravel\framework\src\Illuminate\Database\Connection.php:827
C:\Users\esana\Desktop\2DAW\DWES\laravel\api-rest-laravel_12-recetas\vendor\laravel\framework\src\Illuminate\Database\Connection.php:794
C:\Users\esana\Desktop\2DAW\DWES\laravel\api-rest-laravel_12-recetas\vendor\laravel\framework\src\Illuminate\Database\Connection.php:411
C:\Users\esana\Desktop\2DAW\DWES\laravel\api-rest-laravel_12-recetas\vendor\laravel\framework\src\Illuminate\Database\Connection.php:357
C:\Users\esana\Desktop\2DAW\DWES\laravel\api-rest-laravel_12-recetas\vendor\laravel\framework\src\Illuminate\Database\Connection.php:374
C:\Users\esana\Desktop\2DAW\DWES\laravel\api-rest-laravel_12-recetas\vendor\laravel\framework\src\Illuminate\Database\Schema\Builder.php:176
C:\Users\esana\Desktop\2DAW\DWES\laravel\api-rest-laravel_12-recetas\vendor\laravel\framework\src\Illuminate\Database\Migrations\DatabaseMigrationRepository.php:185
C:\Users\esana\Desktop\2DAW\DWES\laravel\api-rest-laravel_12-recetas\vendor\laravel\framework\src\Illuminate\Database\Migrations\Migrator.php:756
C:\Users\esana\Desktop\2DAW\DWES\laravel\api-rest-laravel_12-recetas\vendor\laravel\framework\src\Illuminate\Database\Console\Migrations\FreshCommand.php:67
C:\Users\esana\Desktop\2DAW\DWES\laravel\api-rest-laravel_12-recetas\vendor\laravel\framework\src\Illuminate\Database\Migrations\Migrator.php:669
C:\Users\esana\Desktop\2DAW\DWES\laravel\api-rest-laravel_12-recetas\vendor\laravel\framework\src\Illuminate\Database\Console\Migrations\FreshCommand.php:66
C:\Users\esana\Desktop\2DAW\DWES\laravel\api-rest-laravel_12-recetas\vendor\laravel\framework\src\Illuminate\Container\BoundMethod.php:36
C:\Users\esana\Desktop\2DAW\DWES\laravel\api-rest-laravel_12-recetas\vendor\laravel\framework\src\Illuminate\Container\Util.php:43
C:\Users\esana\Desktop\2DAW\DWES\laravel\api-rest-laravel_12-recetas\vendor\laravel\framework\src\Illuminate\Container\BoundMethod.php:96
C:\Users\esana\Desktop\2DAW\DWES\laravel\api-rest-laravel_12-recetas\vendor\laravel\framework\src\Illuminate\Container\BoundMethod.php:35
C:\Users\esana\Desktop\2DAW\DWES\laravel\api-rest-laravel_12-recetas\vendor\laravel\framework\src\Illuminate\Container\Container.php:799
C:\Users\esana\Desktop\2DAW\DWES\laravel\api-rest-laravel_12-recetas\vendor\laravel\framework\src\Illuminate\Console\Command.php:211
C:\Users\esana\Desktop\2DAW\DWES\laravel\api-rest-laravel_12-recetas\vendor\symfony\console\Command\Command.php:341
C:\Users\esana\Desktop\2DAW\DWES\laravel\api-rest-laravel_12-recetas\vendor\laravel\framework\src\Illuminate\Console\Command.php:180
C:\Users\esana\Desktop\2DAW\DWES\laravel\api-rest-laravel_12-recetas\vendor\symfony\console\Application.php:1079
C:\Users\esana\Desktop\2DAW\DWES\laravel\api-rest-laravel_12-recetas\vendor\symfony\console\Application.php:356
C:\Users\esana\Desktop\2DAW\DWES\laravel\api-rest-laravel_12-recetas\vendor\symfony\console\Application.php:195
C:\Users\esana\Desktop\2DAW\DWES\laravel\api-rest-laravel_12-recetas\vendor\laravel\framework\src\Illuminate\Console\Application.php:165
C:\Users\esana\Desktop\2DAW\DWES\laravel\api-rest-laravel_12-recetas\vendor\laravel\framework\src\Illuminate\Foundation\Console\Kernel.php:447
C:\Users\esana\Desktop\2DAW\DWES\laravel\api-rest-laravel_12-recetas\vendor\laravel\framework\src\Illuminate\Testing\PendingCommand.php:451
C:\Users\esana\Desktop\2DAW\DWES\laravel\api-rest-laravel_12-recetas\vendor\laravel\framework\src\Illuminate\Testing\PendingCommand.php:675
C:\Users\esana\Desktop\2DAW\DWES\laravel\api-rest-laravel_12-recetas\vendor\laravel\framework\src\Illuminate\Foundation\Testing\Concerns\InteractsWithConsole.php:87
C:\Users\esana\Desktop\2DAW\DWES\laravel\api-rest-laravel_12-recetas\vendor\laravel\framework\src\Illuminate\Foundation\Testing\RefreshDatabase.php:119
C:\Users\esana\Desktop\2DAW\DWES\laravel\api-rest-laravel_12-recetas\vendor\laravel\framework\src\Illuminate\Foundation\Testing\RefreshDatabase.php:84
C:\Users\esana\Desktop\2DAW\DWES\laravel\api-rest-laravel_12-recetas\vendor\laravel\framework\src\Illuminate\Foundation\Testing\RefreshDatabase.php:25
C:\Users\esana\Desktop\2DAW\DWES\laravel\api-rest-laravel_12-recetas\vendor\laravel\framework\src\Illuminate\Foundation\Testing\Concerns\InteractsWithTestCaseLifecycle.php:213
C:\Users\esana\Desktop\2DAW\DWES\laravel\api-rest-laravel_12-recetas\vendor\laravel\framework\src\Illuminate\Foundation\Testing\Concerns\InteractsWithTestCaseLifecycle.php:99
C:\Users\esana\Desktop\2DAW\DWES\laravel\api-rest-laravel_12-recetas\vendor\laravel\framework\src\Illuminate\Foundation\Testing\TestCase.php:63

ERRORS!
Tests: 6, Assertions: 0, Errors: 6, PHPUnit Deprecations: 6.
